<testsuites name="results">
  <testsuite name="all" package="all">
    <property name="random_seed" value="1753119645" />
    <testcase name="mkmbox_basic_mul_test" classname="test_mkmbox" file="/home/yogesh/mbox_verification/test_mkmbox.py" lineno="72" time="0.2673225402832031" sim_time_ns="1510.001" ratio_time="5648.610844414002" />
  </testsuite>
</testsuites>
